** Drc report for fch7.kicad_pcb **
** Created on 2025-12-28T21:34:44+0100 **

** Found 210 DRC violations **
[clearance]: Clearance violation (netclass 'Default' clearance 0.2000 mm; actual 0.1990 mm)
    Rule: netclass 'Default'; error
    @(71.5839 mm, 76.2490 mm): Track [SPI1_IMU1_CS] on F.Cu, length 1.1651 mm
    @(72.7500 mm, 75.8500 mm): Pad 21 [unconnected-(IC5-AUX_DA-Pad21)] of MPU6500 on F.Cu
[clearance]: Clearance violation (netclass 'Default' clearance 0.2000 mm; actual 0.1990 mm)
    Rule: netclass 'Default'; error
    @(72.7490 mm, 76.2490 mm): Track [SPI1_IMU1_CS] on F.Cu, length 0.0014 mm
    @(72.7500 mm, 75.8500 mm): Pad 21 [unconnected-(IC5-AUX_DA-Pad21)] of MPU6500 on F.Cu
[clearance]: Clearance violation (netclass 'Default' clearance 0.2000 mm; actual 0.0354 mm)
    Rule: netclass 'Default'; error
    @(73.3000 mm, 77.6000 mm): Pad 1 [unconnected-(IC5-NC_1-Pad1)] of MPU6500 on F.Cu
    @(72.7500 mm, 77.0500 mm): Pad 24 [SPI1_MOSI] of MPU6500 on F.Cu
[clearance]: Clearance violation (netclass 'Default' clearance 0.2000 mm; actual 0.0354 mm)
    Rule: netclass 'Default'; error
    @(75.3000 mm, 77.6000 mm): Pad 6 [unconnected-(IC5-NC_6-Pad6)] of MPU6500 on F.Cu
    @(75.8500 mm, 77.0500 mm): Pad 7 [unconnected-(IC5-AUX_CL-Pad7)] of MPU6500 on F.Cu
[clearance]: Clearance violation (netclass 'Default' clearance 0.2000 mm; actual 0.0354 mm)
    Rule: netclass 'Default'; error
    @(75.8500 mm, 75.0500 mm): Pad 12 [IMU2_SPI1_EXTI1] of MPU6500 on F.Cu
    @(75.3000 mm, 74.5000 mm): Pad 13 [VDD_MCU] of MPU6500 on F.Cu
[silk_edge_clearance]: Silkscreen clipped by board edge
    Rule: board setup constraints silk; warning
    @(63.0000 mm, 98.0000 mm): Segment on Edge.Cuts
    @(63.1000 mm, 83.9000 mm): Segment of USB-C on F.Silkscreen
[silk_edge_clearance]: Silkscreen clipped by board edge
    Rule: board setup constraints silk; warning
    @(63.0000 mm, 98.0000 mm): Segment on Edge.Cuts
    @(63.1000 mm, 92.9000 mm): Segment of USB-C on F.Silkscreen
[silk_edge_clearance]: Silkscreen clipped by board edge
    Rule: board setup constraints silk; warning
    @(105.0000 mm, 64.0000 mm): Segment on Edge.Cuts
    @(97.9620 mm, 76.7000 mm): Segment of ELRS_RX on B.Silkscreen
[silk_edge_clearance]: Silkscreen clipped by board edge
    Rule: board setup constraints silk; warning
    @(105.0000 mm, 64.0000 mm): Segment on Edge.Cuts
    @(97.9620 mm, 92.7000 mm): Segment of ELRS_RX on B.Silkscreen
[lib_footprint_issues]: The footprint library 'fch7' was not found at '/Users/macmax/repos/fch7/fch7.pretty'.
    Local override; warning
    @(91.4000 mm, 94.1000 mm): Footprint SPI3_MOSI
[lib_footprint_issues]: The footprint library 'fch7' was not found at '/Users/macmax/repos/fch7/fch7.pretty'.
    Local override; warning
    @(94.5250 mm, 67.8000 mm): Footprint Buck
[lib_footprint_issues]: The footprint library 'fch7' was not found at '/Users/macmax/repos/fch7/fch7.pretty'.
    Local override; warning
    @(88.6000 mm, 94.1000 mm): Footprint SPI3_SCLK
[lib_footprint_issues]: The footprint library 'fch7' was not found at '/Users/macmax/repos/fch7/fch7.pretty'.
    Local override; warning
    @(93.3000 mm, 98.4500 mm): Footprint UART8
[lib_footprint_issues]: The footprint library 'fch7' was not found at '/Users/macmax/repos/fch7/fch7.pretty'.
    Local override; warning
    @(66.6000 mm, 74.9150 mm): Footprint UART3
[lib_footprint_issues]: The footprint library 'fch7' was not found at '/Users/macmax/repos/fch7/fch7.pretty'.
    Local override; warning
    @(93.4000 mm, 74.0000 mm): Footprint AIRS
[lib_footprint_issues]: The footprint library 'fch7' was not found at '/Users/macmax/repos/fch7/fch7.pretty'.
    Local override; warning
    @(79.1500 mm, 71.0500 mm): Footprint ICM-42688-P
[lib_footprint_issues]: The footprint library 'fch7' was not found at '/Users/macmax/repos/fch7/fch7.pretty'.
    Local override; warning
    @(90.4000 mm, 83.9620 mm): Footprint MCU
[lib_footprint_issues]: The footprint library 'fch7' was not found at '/Users/macmax/repos/fch7/fch7.pretty'.
    Local override; warning
    @(73.7500 mm, 97.6000 mm): Footprint 3V3
[lib_footprint_issues]: The footprint library 'fch7' was not found at '/Users/macmax/repos/fch7/fch7.pretty'.
    Local override; warning
    @(76.9000 mm, 100.4000 mm): Footprint GND
[lib_footprint_issues]: The footprint library 'fch7' was not found at '/Users/macmax/repos/fch7/fch7.pretty'.
    Local override; warning
    @(70.5000 mm, 81.2000 mm): Footprint BAT60B
[lib_footprint_issues]: The footprint library 'fch7' was not found at '/Users/macmax/repos/fch7/fch7.pretty'.
    Local override; warning
    @(101.8000 mm, 90.7900 mm): Footprint BOOT0
[lib_footprint_issues]: The footprint library 'fch7' was not found at '/Users/macmax/repos/fch7/fch7.pretty'.
    Local override; warning
    @(79.6000 mm, 100.4000 mm): Footprint BEEPER
[lib_footprint_issues]: The footprint library 'fch7' was not found at '/Users/macmax/repos/fch7/fch7.pretty'.
    Local override; warning
    @(74.3000 mm, 76.0500 mm): Footprint MPU6500
[lib_footprint_issues]: The footprint library 'fch7' was not found at '/Users/macmax/repos/fch7/fch7.pretty'.
    Local override; warning
    @(90.0000 mm, 94.1000 mm): Footprint SPI3_MISO
[lib_footprint_issues]: The footprint library 'fch7' was not found at '/Users/macmax/repos/fch7/fch7.pretty'.
    Local override; warning
    @(64.5000 mm, 81.5000 mm): Footprint GND
[lib_footprint_issues]: The footprint library 'fch7' was not found at '/Users/macmax/repos/fch7/fch7.pretty'.
    Local override; warning
    @(68.5000 mm, 81.4000 mm): Footprint PWM_SW_2812
[lib_footprint_issues]: The footprint library 'fch7' was not found at '/Users/macmax/repos/fch7/fch7.pretty'.
    Local override; warning
    @(101.5000 mm, 80.6000 mm): Footprint SPI3_IMU3_CS
[lib_footprint_issues]: The footprint library 'fch7' was not found at '/Users/macmax/repos/fch7/fch7.pretty'.
    Local override; warning
    @(79.5000 mm, 74.9750 mm): Footprint SPL-006
[lib_footprint_issues]: The footprint library 'fch7' was not found at '/Users/macmax/repos/fch7/fch7.pretty'.
    Local override; warning
    @(72.1000 mm, 70.1000 mm): Footprint 1.8V-reg
[lib_footprint_issues]: The footprint library 'fch7' was not found at '/Users/macmax/repos/fch7/fch7.pretty'.
    Local override; warning
    @(69.0000 mm, 66.0000 mm): Footprint H1
[lib_footprint_issues]: The footprint library 'fch7' was not found at '/Users/macmax/repos/fch7/fch7.pretty'.
    Local override; warning
    @(84.5000 mm, 98.4500 mm): Footprint UART4
[lib_footprint_issues]: The footprint library 'fch7' was not found at '/Users/macmax/repos/fch7/fch7.pretty'.
    Local override; warning
    @(66.5000 mm, 81.5000 mm): Footprint 4V5
[lib_footprint_issues]: The footprint library 'fch7' was not found at '/Users/macmax/repos/fch7/fch7.pretty'.
    Local override; warning
    @(79.5250 mm, 63.5500 mm): Footprint I2C
[lib_footprint_issues]: The footprint library 'fch7' was not found at '/Users/macmax/repos/fch7/fch7.pretty'.
    Local override; warning
    @(68.0750 mm, 88.4000 mm): Footprint USB-C
[lib_footprint_issues]: The footprint library 'fch7' was not found at '/Users/macmax/repos/fch7/fch7.pretty'.
    Local override; warning
    @(83.1000 mm, 94.0000 mm): Footprint SWD_SCLK
[lib_footprint_issues]: The footprint library 'fch7' was not found at '/Users/macmax/repos/fch7/fch7.pretty'.
    Local override; warning
    @(76.6000 mm, 81.9000 mm): Footprint 8MHz
[lib_footprint_issues]: The footprint library 'fch7' was not found at '/Users/macmax/repos/fch7/fch7.pretty'.
    Local override; warning
    @(83.8000 mm, 88.5000 mm): Footprint SWD_SWDIO
[lib_footprint_issues]: The footprint library 'fch7' was not found at '/Users/macmax/repos/fch7/fch7.pretty'.
    Local override; warning
    @(75.5000 mm, 98.4500 mm): Footprint UART1
[lib_footprint_issues]: The footprint library 'fch7' was not found at '/Users/macmax/repos/fch7/fch7.pretty'.
    Local override; warning
    @(65.0000 mm, 88.0000 mm): Footprint 4V5
[lib_footprint_issues]: The footprint library 'fch7' was not found at '/Users/macmax/repos/fch7/fch7.pretty'.
    Local override; warning
    @(65.0000 mm, 86.0000 mm): Footprint GND
[lib_footprint_issues]: The footprint library 'fch7' was not found at '/Users/macmax/repos/fch7/fch7.pretty'.
    Local override; warning
    @(77.1000 mm, 63.5100 mm): Footprint Motors1-4
[lib_footprint_issues]: The footprint library 'fch7' was not found at '/Users/macmax/repos/fch7/fch7.pretty'.
    Local override; warning
    @(75.2000 mm, 87.3000 mm): Footprint Blackbox
[lib_footprint_issues]: The footprint library 'fch7' was not found at '/Users/macmax/repos/fch7/fch7.pretty'.
    Local override; warning
    @(92.7550 mm, 84.7000 mm): Footprint ELRS_RX
[lib_footprint_issues]: The footprint library 'fch7' was not found at '/Users/macmax/repos/fch7/fch7.pretty'.
    Local override; warning
    @(79.0000 mm, 68.0000 mm): Footprint 4x100
[lib_footprint_issues]: The footprint library 'fch7' was not found at '/Users/macmax/repos/fch7/fch7.pretty'.
    Local override; warning
    @(67.7000 mm, 72.2000 mm): Footprint 3.3V-converter
[lib_footprint_issues]: The footprint library 'fch7' was not found at '/Users/macmax/repos/fch7/fch7.pretty'.
    Local override; warning
    @(66.5000 mm, 81.5000 mm): Footprint 4V5
[lib_footprint_issues]: The footprint library 'fch7' was not found at '/Users/macmax/repos/fch7/fch7.pretty'.
    Local override; warning
    @(91.3150 mm, 63.5000 mm): Footprint DJI_6PIN
[lib_footprint_issues]: The footprint library 'fch7' was not found at '/Users/macmax/repos/fch7/fch7.pretty'.
    Local override; warning
    @(94.2000 mm, 73.8000 mm): Footprint 4x100k
[lib_footprint_issues]: The footprint library 'fch7' was not found at '/Users/macmax/repos/fch7/fch7.pretty'.
    Local override; warning
    @(87.3750 mm, 68.6500 mm): Footprint BUCK3.3
[lib_footprint_issues]: The footprint library 'fch7' was not found at '/Users/macmax/repos/fch7/fch7.pretty'.
    Local override; warning
    @(84.5000 mm, 98.4500 mm): Footprint UART2
[lib_footprint_issues]: The footprint library 'fch7' was not found at '/Users/macmax/repos/fch7/fch7.pretty'.
    Local override; warning
    @(68.5000 mm, 81.4000 mm): Footprint PWM_10
[lib_footprint_issues]: The footprint library 'fch7' was not found at '/Users/macmax/repos/fch7/fch7.pretty'.
    Local override; warning
    @(64.5000 mm, 81.5000 mm): Footprint PWM_9
[lib_footprint_issues]: The footprint library 'fch7' was not found at '/Users/macmax/repos/fch7/fch7.pretty'.
    Local override; warning
    @(86.6500 mm, 73.5630 mm): Footprint QMC5883L
[lib_footprint_issues]: The footprint library 'fch7' was not found at '/Users/macmax/repos/fch7/fch7.pretty'.
    Local override; warning
    @(93.3000 mm, 98.4500 mm): Footprint UART6
[lib_footprint_issues]: The footprint library 'fch7' was not found at '/Users/macmax/repos/fch7/fch7.pretty'.
    Local override; warning
    @(100.8650 mm, 69.7000 mm): Footprint Diode
[text_height]: Text height out of range (board setup constraints silk text height min height 0.8000 mm; actual 0.2000 mm)
    Rule: board setup constraints silk text height; warning
    @(102.1000 mm, 63.0000 mm): Reference field of LED
[text_height]: Text height out of range (board setup constraints silk text height min height 0.8000 mm; actual 0.2000 mm)
    Rule: board setup constraints silk text height; warning
    @(91.5000 mm, 95.1000 mm): Reference field of SPI3_MOSI
[text_height]: Text height out of range (board setup constraints silk text height min height 0.8000 mm; actual 0.2000 mm)
    Rule: board setup constraints silk text height; warning
    @(71.5000 mm, 94.2000 mm): Reference field of 470
[text_height]: Text height out of range (board setup constraints silk text height min height 0.8000 mm; actual 0.2000 mm)
    Rule: board setup constraints silk text height; warning
    @(71.4000 mm, 67.9000 mm): Reference field of 10u
[text_height]: Text height out of range (board setup constraints silk text height min height 0.8000 mm; actual 0.2000 mm)
    Rule: board setup constraints silk text height; warning
    @(82.9000 mm, 67.2000 mm): Reference field of 47u
[text_height]: Text height out of range (board setup constraints silk text height min height 0.8000 mm; actual 0.2000 mm)
    Rule: board setup constraints silk text height; warning
    @(79.0000 mm, 97.1000 mm): Reference field of LED
[text_height]: Text height out of range (board setup constraints silk text height min height 0.8000 mm; actual 0.2000 mm)
    Rule: board setup constraints silk text height; warning
    @(64.9046 mm, 99.9192 mm): Reference field of LED
[text_height]: Text height out of range (board setup constraints silk text height min height 0.8000 mm; actual 0.2000 mm)
    Rule: board setup constraints silk text height; warning
    @(96.5000 mm, 68.6000 mm): Reference field of Buck
[text_height]: Text height out of range (board setup constraints silk text height min height 0.8000 mm; actual 0.2000 mm)
    Rule: board setup constraints silk text height; warning
    @(75.6000 mm, 62.3000 mm): Reference field of 100u
[text_height]: Text height out of range (board setup constraints silk text height min height 0.8000 mm; actual 0.2000 mm)
    Rule: board setup constraints silk text height; warning
    @(94.9000 mm, 73.5000 mm): Reference field of 100n
[text_height]: Text height out of range (board setup constraints silk text height min height 0.8000 mm; actual 0.2000 mm)
    Rule: board setup constraints silk text height; warning
    @(92.1000 mm, 61.6000 mm): Reference field of 20
[text_height]: Text height out of range (board setup constraints silk text height min height 0.8000 mm; actual 0.2000 mm)
    Rule: board setup constraints silk text height; warning
    @(87.8000 mm, 95.0000 mm): Reference field of SPI3_SCLK
[text_height]: Text height out of range (board setup constraints silk text height min height 0.8000 mm; actual 0.2000 mm)
    Rule: board setup constraints silk text height; warning
    @(101.2000 mm, 82.2000 mm): Reference field of LED
[text_height]: Text height out of range (board setup constraints silk text height min height 0.8000 mm; actual 0.2000 mm)
    Rule: board setup constraints silk text height; warning
    @(65.9000 mm, 62.4000 mm): Reference field of LED
[text_height]: Text height out of range (board setup constraints silk text height min height 0.8000 mm; actual 0.2000 mm)
    Rule: board setup constraints silk text height; warning
    @(101.2000 mm, 85.4000 mm): Reference field of 470
[text_height]: Text height out of range (board setup constraints silk text height min height 0.8000 mm; actual 0.2000 mm)
    Rule: board setup constraints silk text height; warning
    @(102.4000 mm, 70.3000 mm): Reference field of 22u
[text_height]: Text height out of range (board setup constraints silk text height min height 0.8000 mm; actual 0.2000 mm)
    Rule: board setup constraints silk text height; warning
    @(96.7000 mm, 64.6000 mm): Reference field of 20
[text_height]: Text height out of range (board setup constraints silk text height min height 0.8000 mm; actual 0.2000 mm)
    Rule: board setup constraints silk text height; warning
    @(97.1000 mm, 98.8000 mm): Reference field of UART8
[text_height]: Text height out of range (board setup constraints silk text height min height 0.8000 mm; actual 0.2000 mm)
    Rule: board setup constraints silk text height; warning
    @(104.1000 mm, 79.9000 mm): Reference field of 100n
[text_height]: Text height out of range (board setup constraints silk text height min height 0.8000 mm; actual 0.2000 mm)
    Rule: board setup constraints silk text height; warning
    @(104.2000 mm, 97.8000 mm): Reference field of 10u
[text_height]: Text height out of range (board setup constraints silk text height min height 0.8000 mm; actual 0.2000 mm)
    Rule: board setup constraints silk text height; warning
    @(87.4000 mm, 69.2000 mm): Reference field of 41.2k
[text_height]: Text height out of range (board setup constraints silk text height min height 0.8000 mm; actual 0.2000 mm)
    Rule: board setup constraints silk text height; warning
    @(79.3000 mm, 94.9000 mm): Reference field of 100n
[text_height]: Text height out of range (board setup constraints silk text height min height 0.8000 mm; actual 0.2000 mm)
    Rule: board setup constraints silk text height; warning
    @(93.0000 mm, 62.9000 mm): Reference field of 100n
[text_height]: Text height out of range (board setup constraints silk text height min height 0.8000 mm; actual 0.2000 mm)
    Rule: board setup constraints silk text height; warning
    @(69.8000 mm, 74.2000 mm): Reference field of UART3
[text_height]: Text height out of range (board setup constraints silk text height min height 0.8000 mm; actual 0.2000 mm)
    Rule: board setup constraints silk text height; warning
    @(92.5000 mm, 73.6000 mm): Reference field of AIRS
[text_height]: Text height out of range (board setup constraints silk text height min height 0.8000 mm; actual 0.2000 mm)
    Rule: board setup constraints silk text height; warning
    @(76.8000 mm, 72.2000 mm): Reference field of ICM-42688-P
[text_height]: Text height out of range (board setup constraints silk text height min height 0.8000 mm; actual 0.2000 mm)
    Rule: board setup constraints silk text height; warning
    @(71.5000 mm, 90.8000 mm): Reference field of 100n
[text_height]: Text height out of range (board setup constraints silk text height min height 0.8000 mm; actual 0.2000 mm)
    Rule: board setup constraints silk text height; warning
    @(65.7000 mm, 96.9000 mm): Reference field of 5k1
[text_height]: Text height out of range (board setup constraints silk text height min height 0.8000 mm; actual 0.2000 mm)
    Rule: board setup constraints silk text height; warning
    @(98.7000 mm, 74.6000 mm): Reference field of MCU
[text_height]: Text height out of range (board setup constraints silk text height min height 0.8000 mm; actual 0.2000 mm)
    Rule: board setup constraints silk text height; warning
    @(78.7000 mm, 84.3000 mm): Reference field of 120
[text_height]: Text height out of range (board setup constraints silk text height min height 0.8000 mm; actual 0.2000 mm)
    Rule: board setup constraints silk text height; warning
    @(104.1000 mm, 76.0000 mm): Reference field of 1k
[text_height]: Text height out of range (board setup constraints silk text height min height 0.8000 mm; actual 0.2000 mm)
    Rule: board setup constraints silk text height; warning
    @(85.7000 mm, 61.4000 mm): Reference field of 47u
[text_height]: Text height out of range (board setup constraints silk text height min height 0.8000 mm; actual 0.2000 mm)
    Rule: board setup constraints silk text height; warning
    @(75.8000 mm, 98.1000 mm): Reference field of 3V3
[text_height]: Text height out of range (board setup constraints silk text height min height 0.8000 mm; actual 0.2000 mm)
    Rule: board setup constraints silk text height; warning
    @(77.3000 mm, 95.6000 mm): Reference field of 100n
[text_height]: Text height out of range (board setup constraints silk text height min height 0.8000 mm; actual 0.2000 mm)
    Rule: board setup constraints silk text height; warning
    @(76.6000 mm, 69.8000 mm): Reference field of 22u
[text_height]: Text height out of range (board setup constraints silk text height min height 0.8000 mm; actual 0.2000 mm)
    Rule: board setup constraints silk text height; warning
    @(76.9000 mm, 99.1000 mm): Reference field of GND
[text_height]: Text height out of range (board setup constraints silk text height min height 0.8000 mm; actual 0.2000 mm)
    Rule: board setup constraints silk text height; warning
    @(92.5000 mm, 61.0000 mm): Reference field of 100n
[text_height]: Text height out of range (board setup constraints silk text height min height 0.8000 mm; actual 0.2000 mm)
    Rule: board setup constraints silk text height; warning
    @(79.9000 mm, 84.1000 mm): Reference field of 120
[text_height]: Text height out of range (board setup constraints silk text height min height 0.8000 mm; actual 0.2000 mm)
    Rule: board setup constraints silk text height; warning
    @(102.4000 mm, 72.0000 mm): Reference field of 22u
[text_height]: Text height out of range (board setup constraints silk text height min height 0.8000 mm; actual 0.2000 mm)
    Rule: board setup constraints silk text height; warning
    @(71.6000 mm, 80.8000 mm): Reference field of BAT60B
[text_height]: Text height out of range (board setup constraints silk text height min height 0.8000 mm; actual 0.2000 mm)
    Rule: board setup constraints silk text height; warning
    @(74.5000 mm, 71.7000 mm): Reference field of 1u
[text_height]: Text height out of range (board setup constraints silk text height min height 0.8000 mm; actual 0.2000 mm)
    Rule: board setup constraints silk text height; warning
    @(101.7000 mm, 94.2000 mm): Reference field of BOOT0
[text_height]: Text height out of range (board setup constraints silk text height min height 0.8000 mm; actual 0.2000 mm)
    Rule: board setup constraints silk text height; warning
    @(64.1000 mm, 97.0000 mm): Reference field of 5k1
[text_height]: Text height out of range (board setup constraints silk text height min height 0.8000 mm; actual 0.2000 mm)
    Rule: board setup constraints silk text height; warning
    @(79.0000 mm, 99.2000 mm): Reference field of BEEPER
[text_height]: Text height out of range (board setup constraints silk text height min height 0.8000 mm; actual 0.2000 mm)
    Rule: board setup constraints silk text height; warning
    @(78.9000 mm, 67.8000 mm): Reference field of 100n
[text_height]: Text height out of range (board setup constraints silk text height min height 0.8000 mm; actual 0.2000 mm)
    Rule: board setup constraints silk text height; warning
    @(97.5000 mm, 74.1000 mm): Reference field of 1M
[text_height]: Text height out of range (board setup constraints silk text height min height 0.8000 mm; actual 0.2000 mm)
    Rule: board setup constraints silk text height; warning
    @(87.3000 mm, 71.0000 mm): Reference field of 51k
[text_height]: Text height out of range (board setup constraints silk text height min height 0.8000 mm; actual 0.2000 mm)
    Rule: board setup constraints silk text height; warning
    @(72.8000 mm, 78.9000 mm): Reference field of MPU6500
[text_height]: Text height out of range (board setup constraints silk text height min height 0.8000 mm; actual 0.2000 mm)
    Rule: board setup constraints silk text height; warning
    @(89.7000 mm, 95.1000 mm): Reference field of SPI3_MISO
[text_height]: Text height out of range (board setup constraints silk text height min height 0.8000 mm; actual 0.2000 mm)
    Rule: board setup constraints silk text height; warning
    @(64.5000 mm, 80.0000 mm): Reference field of GND
[text_height]: Text height out of range (board setup constraints silk text height min height 0.8000 mm; actual 0.2000 mm)
    Rule: board setup constraints silk text height; warning
    @(68.4000 mm, 79.6000 mm): Reference field of PWM_SW_2812
[text_height]: Text height out of range (board setup constraints silk text height min height 0.8000 mm; actual 0.2000 mm)
    Rule: board setup constraints silk text height; warning
    @(75.7000 mm, 90.0000 mm): Reference field of 10n
[text_height]: Text height out of range (board setup constraints silk text height min height 0.8000 mm; actual 0.2000 mm)
    Rule: board setup constraints silk text height; warning
    @(88.9000 mm, 99.2000 mm): Reference field of 100n
[text_height]: Text height out of range (board setup constraints silk text height min height 0.8000 mm; actual 0.2000 mm)
    Rule: board setup constraints silk text height; warning
    @(101.0000 mm, 86.9000 mm): Reference field of LED_0
[text_height]: Text height out of range (board setup constraints silk text height min height 0.8000 mm; actual 0.2000 mm)
    Rule: board setup constraints silk text height; warning
    @(103.2000 mm, 80.9000 mm): Reference field of SPI3_IMU3_CS
[text_height]: Text height out of range (board setup constraints silk text height min height 0.8000 mm; actual 0.2000 mm)
    Rule: board setup constraints silk text height; warning
    @(88.1000 mm, 61.5000 mm): Reference field of 4.02k
[text_height]: Text height out of range (board setup constraints silk text height min height 0.8000 mm; actual 0.2000 mm)
    Rule: board setup constraints silk text height; warning
    @(71.3750 mm, 74.1300 mm): Reference field of 100n
[text_height]: Text height out of range (board setup constraints silk text height min height 0.8000 mm; actual 0.2000 mm)
    Rule: board setup constraints silk text height; warning
    @(91.1000 mm, 68.9000 mm): Reference field of 51k
[text_height]: Text height out of range (board setup constraints silk text height min height 0.8000 mm; actual 0.2000 mm)
    Rule: board setup constraints silk text height; warning
    @(77.7000 mm, 74.3000 mm): Reference field of SPL-006
[text_height]: Text height out of range (board setup constraints silk text height min height 0.8000 mm; actual 0.2000 mm)
    Rule: board setup constraints silk text height; warning
    @(75.9000 mm, 95.6000 mm): Reference field of 100n
[text_height]: Text height out of range (board setup constraints silk text height min height 0.8000 mm; actual 0.2000 mm)
    Rule: board setup constraints silk text height; warning
    @(101.2000 mm, 83.8000 mm): Reference field of 470
[text_height]: Text height out of range (board setup constraints silk text height min height 0.8000 mm; actual 0.2000 mm)
    Rule: board setup constraints silk text height; warning
    @(70.3600 mm, 101.2000 mm): Reference field of 1k
[text_height]: Text height out of range (board setup constraints silk text height min height 0.8000 mm; actual 0.2000 mm)
    Rule: board setup constraints silk text height; warning
    @(92.5000 mm, 70.6000 mm): Reference field of 100k
[text_height]: Text height out of range (board setup constraints silk text height min height 0.8000 mm; actual 0.2000 mm)
    Rule: board setup constraints silk text height; warning
    @(79.3000 mm, 89.8000 mm): Reference field of 2.2u
[text_height]: Text height out of range (board setup constraints silk text height min height 0.8000 mm; actual 0.2000 mm)
    Rule: board setup constraints silk text height; warning
    @(84.4000 mm, 74.0000 mm): Reference field of 2.2u
[text_height]: Text height out of range (board setup constraints silk text height min height 0.8000 mm; actual 0.2000 mm)
    Rule: board setup constraints silk text height; warning
    @(75.5000 mm, 64.0000 mm): Reference field of 1u
[text_height]: Text height out of range (board setup constraints silk text height min height 0.8000 mm; actual 0.2000 mm)
    Rule: board setup constraints silk text height; warning
    @(74.3000 mm, 70.0000 mm): Reference field of 1.8V-reg
[text_height]: Text height out of range (board setup constraints silk text height min height 0.8000 mm; actual 0.2000 mm)
    Rule: board setup constraints silk text height; warning
    @(86.1000 mm, 64.8000 mm): Reference field of 10u
[text_height]: Text height out of range (board setup constraints silk text height min height 0.8000 mm; actual 0.2000 mm)
    Rule: board setup constraints silk text height; warning
    @(77.9000 mm, 90.1000 mm): Reference field of 10n
[text_height]: Text height out of range (board setup constraints silk text height min height 0.8000 mm; actual 0.2000 mm)
    Rule: board setup constraints silk text height; warning
    @(84.7600 mm, 71.8000 mm): Reference field of 220n
[text_height]: Text height out of range (board setup constraints silk text height min height 0.8000 mm; actual 0.2000 mm)
    Rule: board setup constraints silk text height; warning
    @(79.6000 mm, 78.3000 mm): Reference field of 2.2k
[text_height]: Text height out of range (board setup constraints silk text height min height 0.8000 mm; actual 0.2000 mm)
    Rule: board setup constraints silk text height; warning
    @(66.5000 mm, 69.9000 mm): Reference field of 100n
[text_height]: Text height out of range (board setup constraints silk text height min height 0.8000 mm; actual 0.2000 mm)
    Rule: board setup constraints silk text height; warning
    @(88.2000 mm, 100.3000 mm): Reference field of UART4
[text_height]: Text height out of range (board setup constraints silk text height min height 0.8000 mm; actual 0.2000 mm)
    Rule: board setup constraints silk text height; warning
    @(66.1000 mm, 80.0000 mm): Reference field of 4V5
[text_height]: Text height out of range (board setup constraints silk text height min height 0.8000 mm; actual 0.2000 mm)
    Rule: board setup constraints silk text height; warning
    @(79.7000 mm, 66.8000 mm): Reference field of I2C
[text_height]: Text height out of range (board setup constraints silk text height min height 0.8000 mm; actual 0.2000 mm)
    Rule: board setup constraints silk text height; warning
    @(68.1000 mm, 83.0000 mm): Reference field of USB-C
[text_height]: Text height out of range (board setup constraints silk text height min height 0.8000 mm; actual 0.2000 mm)
    Rule: board setup constraints silk text height; warning
    @(90.8000 mm, 73.2250 mm): Reference field of 7.68k
[text_height]: Text height out of range (board setup constraints silk text height min height 0.8000 mm; actual 0.2000 mm)
    Rule: board setup constraints silk text height; warning
    @(73.3000 mm, 84.7000 mm): Reference field of 120
[text_height]: Text height out of range (board setup constraints silk text height min height 0.8000 mm; actual 0.2000 mm)
    Rule: board setup constraints silk text height; warning
    @(83.4000 mm, 95.0000 mm): Reference field of SWD_SCLK
[text_height]: Text height out of range (board setup constraints silk text height min height 0.8000 mm; actual 0.2000 mm)
    Rule: board setup constraints silk text height; warning
    @(75.4000 mm, 87.5000 mm): Reference field of 22u
[text_height]: Text height out of range (board setup constraints silk text height min height 0.8000 mm; actual 0.2000 mm)
    Rule: board setup constraints silk text height; warning
    @(103.0000 mm, 100.1000 mm): Reference field of LED
[text_height]: Text height out of range (board setup constraints silk text height min height 0.8000 mm; actual 0.2000 mm)
    Rule: board setup constraints silk text height; warning
    @(74.1000 mm, 92.2000 mm): Reference field of LED
[text_height]: Text height out of range (board setup constraints silk text height min height 0.8000 mm; actual 0.2000 mm)
    Rule: board setup constraints silk text height; warning
    @(78.5000 mm, 79.6000 mm): Reference field of 8MHz
[text_height]: Text height out of range (board setup constraints silk text height min height 0.8000 mm; actual 0.2000 mm)
    Rule: board setup constraints silk text height; warning
    @(64.8000 mm, 66.6000 mm): Reference field of 1k
[text_height]: Text height out of range (board setup constraints silk text height min height 0.8000 mm; actual 0.2000 mm)
    Rule: board setup constraints silk text height; warning
    @(84.3000 mm, 87.6000 mm): Reference field of SWD_SWDIO
[text_height]: Text height out of range (board setup constraints silk text height min height 0.8000 mm; actual 0.2000 mm)
    Rule: board setup constraints silk text height; warning
    @(78.9000 mm, 95.4000 mm): Reference field of UART1
[text_height]: Text height out of range (board setup constraints silk text height min height 0.8000 mm; actual 0.2000 mm)
    Rule: board setup constraints silk text height; warning
    @(82.8000 mm, 88.7000 mm): Reference field of 10k
[text_height]: Text height out of range (board setup constraints silk text height min height 0.8000 mm; actual 0.2000 mm)
    Rule: board setup constraints silk text height; warning
    @(101.4750 mm, 74.9000 mm): Reference field of 10k
[text_height]: Text height out of range (board setup constraints silk text height min height 0.8000 mm; actual 0.2000 mm)
    Rule: board setup constraints silk text height; warning
    @(92.0000 mm, 75.0000 mm): Reference field of 4.7u
[text_height]: Text height out of range (board setup constraints silk text height min height 0.8000 mm; actual 0.2000 mm)
    Rule: board setup constraints silk text height; warning
    @(73.2000 mm, 71.1000 mm): Reference field of 100n
[text_height]: Text height out of range (board setup constraints silk text height min height 0.8000 mm; actual 0.2000 mm)
    Rule: board setup constraints silk text height; warning
    @(66.5000 mm, 88.0000 mm): Reference field of 4V5
[text_height]: Text height out of range (board setup constraints silk text height min height 0.8000 mm; actual 0.2000 mm)
    Rule: board setup constraints silk text height; warning
    @(79.1000 mm, 89.6000 mm): Reference field of 10k
[text_height]: Text height out of range (board setup constraints silk text height min height 0.8000 mm; actual 0.2000 mm)
    Rule: board setup constraints silk text height; warning
    @(73.3000 mm, 69.1000 mm): Reference field of 100n
[text_height]: Text height out of range (board setup constraints silk text height min height 0.8000 mm; actual 0.2000 mm)
    Rule: board setup constraints silk text height; warning
    @(66.4000 mm, 86.0000 mm): Reference field of GND
[text_height]: Text height out of range (board setup constraints silk text height min height 0.8000 mm; actual 0.2000 mm)
    Rule: board setup constraints silk text height; warning
    @(74.8000 mm, 71.8000 mm): Reference field of 4.7u
[text_height]: Text height out of range (board setup constraints silk text height min height 0.8000 mm; actual 0.2000 mm)
    Rule: board setup constraints silk text height; warning
    @(71.3000 mm, 62.5000 mm): Reference field of Motors1-4
[text_height]: Text height out of range (board setup constraints silk text height min height 0.8000 mm; actual 0.2000 mm)
    Rule: board setup constraints silk text height; warning
    @(71.6000 mm, 93.8750 mm): Reference field of 10n
[text_height]: Text height out of range (board setup constraints silk text height min height 0.8000 mm; actual 0.2000 mm)
    Rule: board setup constraints silk text height; warning
    @(98.6000 mm, 99.5000 mm): Reference field of 1k
[text_height]: Text height out of range (board setup constraints silk text height min height 0.8000 mm; actual 0.2000 mm)
    Rule: board setup constraints silk text height; warning
    @(102.9000 mm, 100.0000 mm): Reference field of LED
[text_height]: Text height out of range (board setup constraints silk text height min height 0.8000 mm; actual 0.2000 mm)
    Rule: board setup constraints silk text height; warning
    @(90.6250 mm, 71.9000 mm): Reference field of 100n
[text_height]: Text height out of range (board setup constraints silk text height min height 0.8000 mm; actual 0.2000 mm)
    Rule: board setup constraints silk text height; warning
    @(79.6000 mm, 78.3000 mm): Reference field of 2.2k
[text_height]: Text height out of range (board setup constraints silk text height min height 0.8000 mm; actual 0.2000 mm)
    Rule: board setup constraints silk text height; warning
    @(82.9000 mm, 95.1000 mm): Reference field of 2.2k
[text_height]: Text height out of range (board setup constraints silk text height min height 0.8000 mm; actual 0.2000 mm)
    Rule: board setup constraints silk text height; warning
    @(73.0000 mm, 81.9000 mm): Reference field of Blackbox
[text_height]: Text height out of range (board setup constraints silk text height min height 0.8000 mm; actual 0.2000 mm)
    Rule: board setup constraints silk text height; warning
    @(75.8000 mm, 92.2000 mm): Reference field of 100n
[text_height]: Text height out of range (board setup constraints silk text height min height 0.8000 mm; actual 0.2000 mm)
    Rule: board setup constraints silk text height; warning
    @(71.3750 mm, 73.9000 mm): Reference field of 100n
[text_height]: Text height out of range (board setup constraints silk text height min height 0.8000 mm; actual 0.2000 mm)
    Rule: board setup constraints silk text height; warning
    @(85.1000 mm, 85.5000 mm): Reference field of ELRS_RX
[text_height]: Text height out of range (board setup constraints silk text height min height 0.8000 mm; actual 0.2000 mm)
    Rule: board setup constraints silk text height; warning
    @(81.4000 mm, 67.6000 mm): Reference field of 4x100
[text_height]: Text height out of range (board setup constraints silk text height min height 0.8000 mm; actual 0.2000 mm)
    Rule: board setup constraints silk text height; warning
    @(78.3000 mm, 94.5000 mm): Reference field of 100n
[text_height]: Text height out of range (board setup constraints silk text height min height 0.8000 mm; actual 0.2000 mm)
    Rule: board setup constraints silk text height; warning
    @(82.9000 mm, 62.4000 mm): Reference field of 47u
[text_height]: Text height out of range (board setup constraints silk text height min height 0.8000 mm; actual 0.2000 mm)
    Rule: board setup constraints silk text height; warning
    @(82.8000 mm, 91.2000 mm): Reference field of 10k
[text_height]: Text height out of range (board setup constraints silk text height min height 0.8000 mm; actual 0.2000 mm)
    Rule: board setup constraints silk text height; warning
    @(75.0750 mm, 77.4300 mm): Reference field of 100n
[text_height]: Text height out of range (board setup constraints silk text height min height 0.8000 mm; actual 0.2000 mm)
    Rule: board setup constraints silk text height; warning
    @(78.4000 mm, 73.8000 mm): Reference field of 100k
[text_height]: Text height out of range (board setup constraints silk text height min height 0.8000 mm; actual 0.2000 mm)
    Rule: board setup constraints silk text height; warning
    @(82.8000 mm, 69.7000 mm): Reference field of 1M
[text_height]: Text height out of range (board setup constraints silk text height min height 0.8000 mm; actual 0.2000 mm)
    Rule: board setup constraints silk text height; warning
    @(66.8000 mm, 74.3000 mm): Reference field of 3.3V-converter
[text_height]: Text height out of range (board setup constraints silk text height min height 0.8000 mm; actual 0.2000 mm)
    Rule: board setup constraints silk text height; warning
    @(66.5000 mm, 82.8000 mm): Reference field of 4V5
[text_height]: Text height out of range (board setup constraints silk text height min height 0.8000 mm; actual 0.2000 mm)
    Rule: board setup constraints silk text height; warning
    @(64.4000 mm, 66.3000 mm): Reference field of 100n
[text_height]: Text height out of range (board setup constraints silk text height min height 0.8000 mm; actual 0.2000 mm)
    Rule: board setup constraints silk text height; warning
    @(91.4000 mm, 69.9000 mm): Reference field of 41.2k
[text_height]: Text height out of range (board setup constraints silk text height min height 0.8000 mm; actual 0.2000 mm)
    Rule: board setup constraints silk text height; warning
    @(79.3000 mm, 94.2000 mm): Reference field of 100n
[text_height]: Text height out of range (board setup constraints silk text height min height 0.8000 mm; actual 0.2000 mm)
    Rule: board setup constraints silk text height; warning
    @(89.9000 mm, 66.9000 mm): Reference field of 100k
[text_height]: Text height out of range (board setup constraints silk text height min height 0.8000 mm; actual 0.2000 mm)
    Rule: board setup constraints silk text height; warning
    @(64.3000 mm, 70.7000 mm): Reference field of 22u
[text_height]: Text height out of range (board setup constraints silk text height min height 0.8000 mm; actual 0.2000 mm)
    Rule: board setup constraints silk text height; warning
    @(97.1000 mm, 63.2000 mm): Reference field of DJI_6PIN
[text_height]: Text height out of range (board setup constraints silk text height min height 0.8000 mm; actual 0.2000 mm)
    Rule: board setup constraints silk text height; warning
    @(96.8000 mm, 74.7000 mm): Reference field of 4x100k
[text_height]: Text height out of range (board setup constraints silk text height min height 0.8000 mm; actual 0.2000 mm)
    Rule: board setup constraints silk text height; warning
    @(67.1000 mm, 68.1000 mm): Reference field of 100n
[text_height]: Text height out of range (board setup constraints silk text height min height 0.8000 mm; actual 0.2000 mm)
    Rule: board setup constraints silk text height; warning
    @(76.6000 mm, 69.8000 mm): Reference field of 22u
[text_height]: Text height out of range (board setup constraints silk text height min height 0.8000 mm; actual 0.2000 mm)
    Rule: board setup constraints silk text height; warning
    @(80.0000 mm, 98.8000 mm): Reference field of 470
[text_height]: Text height out of range (board setup constraints silk text height min height 0.8000 mm; actual 0.2000 mm)
    Rule: board setup constraints silk text height; warning
    @(86.5000 mm, 71.0000 mm): Reference field of BUCK3.3
[text_height]: Text height out of range (board setup constraints silk text height min height 0.8000 mm; actual 0.2000 mm)
    Rule: board setup constraints silk text height; warning
    @(85.6000 mm, 65.5000 mm): Reference field of 47u
[text_height]: Text height out of range (board setup constraints silk text height min height 0.8000 mm; actual 0.2000 mm)
    Rule: board setup constraints silk text height; warning
    @(68.4000 mm, 100.9000 mm): Reference field of 22u
[text_height]: Text height out of range (board setup constraints silk text height min height 0.8000 mm; actual 0.2000 mm)
    Rule: board setup constraints silk text height; warning
    @(86.7000 mm, 95.3000 mm): Reference field of UART2
[text_height]: Text height out of range (board setup constraints silk text height min height 0.8000 mm; actual 0.2000 mm)
    Rule: board setup constraints silk text height; warning
    @(68.5000 mm, 82.8000 mm): Reference field of PWM_10
[text_height]: Text height out of range (board setup constraints silk text height min height 0.8000 mm; actual 0.2000 mm)
    Rule: board setup constraints silk text height; warning
    @(64.5000 mm, 80.1000 mm): Reference field of PWM_9
[text_height]: Text height out of range (board setup constraints silk text height min height 0.8000 mm; actual 0.2000 mm)
    Rule: board setup constraints silk text height; warning
    @(103.2000 mm, 62.4000 mm): Reference field of LED
[text_height]: Text height out of range (board setup constraints silk text height min height 0.8000 mm; actual 0.2000 mm)
    Rule: board setup constraints silk text height; warning
    @(70.1000 mm, 86.8000 mm): Reference field of 10k
[text_height]: Text height out of range (board setup constraints silk text height min height 0.8000 mm; actual 0.2000 mm)
    Rule: board setup constraints silk text height; warning
    @(64.9000 mm, 99.9000 mm): Reference field of LED
[text_height]: Text height out of range (board setup constraints silk text height min height 0.8000 mm; actual 0.2000 mm)
    Rule: board setup constraints silk text height; warning
    @(90.4000 mm, 95.0000 mm): Reference field of 10k
[text_height]: Text height out of range (board setup constraints silk text height min height 0.8000 mm; actual 0.2000 mm)
    Rule: board setup constraints silk text height; warning
    @(86.5000 mm, 71.6000 mm): Reference field of QMC5883L
[text_height]: Text height out of range (board setup constraints silk text height min height 0.8000 mm; actual 0.2000 mm)
    Rule: board setup constraints silk text height; warning
    @(96.1000 mm, 95.4000 mm): Reference field of UART6
[text_height]: Text height out of range (board setup constraints silk text height min height 0.8000 mm; actual 0.2000 mm)
    Rule: board setup constraints silk text height; warning
    @(97.3000 mm, 69.2000 mm): Reference field of 10u
[text_height]: Text height out of range (board setup constraints silk text height min height 0.8000 mm; actual 0.2000 mm)
    Rule: board setup constraints silk text height; warning
    @(101.5000 mm, 68.3000 mm): Reference field of Diode
[text_height]: Text height out of range (board setup constraints silk text height min height 0.8000 mm; actual 0.2000 mm)
    Rule: board setup constraints silk text height; warning
    @(70.1000 mm, 89.8000 mm): Reference field of 10k
[text_height]: Text height out of range (board setup constraints silk text height min height 0.8000 mm; actual 0.2000 mm)
    Rule: board setup constraints silk text height; warning
    @(99.0000 mm, 62.7000 mm): Reference field of 1k
[text_height]: Text height out of range (board setup constraints silk text height min height 0.8000 mm; actual 0.2000 mm)
    Rule: board setup constraints silk text height; warning
    @(83.8000 mm, 91.2000 mm): Reference field of 2.2k
[text_height]: Text height out of range (board setup constraints silk text height min height 0.8000 mm; actual 0.2000 mm)
    Rule: board setup constraints silk text height; warning
    @(65.9000 mm, 62.4000 mm): Reference field of LED
[text_height]: Text height out of range (board setup constraints silk text height min height 0.8000 mm; actual 0.2000 mm)
    Rule: board setup constraints silk text height; warning
    @(74.2000 mm, 92.2000 mm): Reference field of 100n
[silk_over_copper]: Silkscreen clipped by solder mask
    Local override; warning
    @(102.1000 mm, 63.0000 mm): Reference field of LED
[silk_over_copper]: Silkscreen clipped by solder mask
    Local override; warning
    @(69.0000 mm, 65.5000 mm): Reference field of H1
[silk_over_copper]: Silkscreen clipped by solder mask
    Local override; warning
    @(63.1000 mm, 83.9000 mm): Segment of USB-C on F.Silkscreen
[silk_over_copper]: Silkscreen clipped by solder mask
    Local override; warning
    @(63.2490 mm, 92.9720 mm): Segment of USB-C on F.Silkscreen
[silk_over_copper]: Silkscreen clipped by solder mask
    Local override; warning
    @(66.6780 mm, 92.9720 mm): Segment of USB-C on F.Silkscreen
[silk_over_copper]: Silkscreen clipped by solder mask
    Local override; warning
    @(66.6810 mm, 83.9000 mm): Segment of USB-C on F.Silkscreen
[silk_over_copper]: Silkscreen clipped by solder mask
    Local override; warning
    @(86.9130 mm, 75.0480 mm): Circle of ELRS_RX on B.Silkscreen
[silk_over_copper]: Silkscreen clipped by solder mask
    Local override; warning
    @(99.4890 mm, 68.7740 mm): Segment of Diode on B.Silkscreen
[silk_over_copper]: Silkscreen clipped by solder mask
    Local override; warning
    @(99.4890 mm, 70.6260 mm): Segment of Diode on B.Silkscreen
[silk_overlap]: Silkscreen overlap
    Rule: board setup constraints silk; warning
    @(87.4485 mm, 75.3880 mm): Arc of QMC5883L on B.Silkscreen
    @(86.9130 mm, 75.0480 mm): Circle of ELRS_RX on B.Silkscreen
[silk_overlap]: Silkscreen overlap
    Rule: board setup constraints silk; warning
    @(87.4485 mm, 75.3880 mm): Arc of QMC5883L on B.Silkscreen
    @(86.9130 mm, 75.0480 mm): Circle of ELRS_RX on B.Silkscreen

** Found 0 unconnected pads **

** Found 0 Footprint errors **

** End of Report **
