ERC report (2025-12-13T10:19:37+0100, Encoding UTF8)

***** Sheet /
[global_label_dangling]: Global label not connected anywhere else in the schematic
    ; warning
    @(2600 mils, 5150 mils): Global Label 'NRST_RECV'
[global_label_dangling]: Global label not connected anywhere else in the schematic
    ; warning
    @(2450 mils, 2700 mils): Global Label 'EXTi_CS2'
[global_label_dangling]: Global label not connected anywhere else in the schematic
    ; warning
    @(2450 mils, 3000 mils): Global Label 'PWM_11'
[global_label_dangling]: Global label not connected anywhere else in the schematic
    ; warning
    @(2450 mils, 3100 mils): Global Label 'PWM_12'
[global_label_dangling]: Global label not connected anywhere else in the schematic
    ; warning
    @(4300 mils, 1950 mils): Global Label 'EXTI_CS1'
[global_label_dangling]: Global label not connected anywhere else in the schematic
    ; warning
    @(4600 mils, 1950 mils): Global Label 'CAN_RX'
[global_label_dangling]: Global label not connected anywhere else in the schematic
    ; warning
    @(4700 mils, 1950 mils): Global Label 'CAN_TX'
[global_label_dangling]: Global label not connected anywhere else in the schematic
    ; warning
    @(3500 mils, 5850 mils): Global Label 'RSSI'
[global_label_dangling]: Global label not connected anywhere else in the schematic
    ; warning
    @(5550 mils, 4400 mils): Global Label 'SW_CAMERA'
[global_label_dangling]: Global label not connected anywhere else in the schematic
    ; warning
    @(4000 mils, 5850 mils): Global Label 'UART7_TX'
[global_label_dangling]: Global label not connected anywhere else in the schematic
    ; warning
    @(4100 mils, 5850 mils): Global Label 'UART7_RTS'
[global_label_dangling]: Global label not connected anywhere else in the schematic
    ; warning
    @(4200 mils, 5850 mils): Global Label 'UART7_CTS'
[global_label_dangling]: Global label not connected anywhere else in the schematic
    ; warning
    @(5550 mils, 4800 mils): Global Label 'SPI2_MOSI'
[global_label_dangling]: Global label not connected anywhere else in the schematic
    ; warning
    @(5550 mils, 4900 mils): Global Label 'SPI2_MISO'
[global_label_dangling]: Global label not connected anywhere else in the schematic
    ; warning
    @(5550 mils, 5000 mils): Global Label 'SPI2_SCLK'

***** Sheet /Power/

***** Sheet /MCU/
[pin_to_pin]: Pins of type Bidirectional and Power output are connected
    ; warning
    @(9600 mils, 5050 mils): Symbol USB1 Pin 2 [VBUS, Bidirectional, Line]
    @(5000 mils, 1700 mils): Symbol #FLG06 Pin 1 [Power output, Line]
[pin_to_pin]: Pins of type Bidirectional and Power output are connected
    ; warning
    @(9600 mils, 5950 mils): Symbol USB1 Pin 11 [VBUS, Bidirectional, Line]
    @(5000 mils, 1700 mils): Symbol #FLG06 Pin 1 [Power output, Line]

***** Sheet /Sensors/

***** Sheet /Blackbox_led/

***** Sheet /rf_rx/
[pin_not_driven]: Input pin not driven by any Output pins
    ; error
    @(2650 mils, 5150 mils): Symbol U12 Pin 2 [NRESET, Input, Line]

***** Sheet /connectors/

 ** ERC messages: 18  Errors 1  Warnings 17
